[iamfutures.github.io/index.html]
[backblue.gif]
[fade.gif]
[index.html]
[i.hizliresim.com/6rx8ogh.jpg]
[iamfutures.github.io/rawline.css]
[iamfutures.github.io/css2]
[iamfutures.github.io/css2(1)]
[iamfutures.github.io/all.min.css]
[iamfutures.github.io/reset.html]
[iamfutures.github.io/index.css]
[iamfutures.github.io/'https_/i.hizliresim.com/bbebzi0eb89.jpg]
[iamfutures.github.io/'https_/i.hizliresim.com/bbebzi07860.jpg]
[i.hizliresim.com/6rx8ogh6462.jpg]
[iamfutures.github.io/index.html]
[iamfutures.github.io/s/19714/rawline-400.html]
[iamfutures.github.io/s/19714/rawline-400i.html]
[iamfutures.github.io/s/19714/rawline-100.html]
[iamfutures.github.io/s/19714/rawline-100i.html]
[iamfutures.github.io/s/19714/rawline-200.html]
[iamfutures.github.io/s/19714/rawline-200i.html]
[iamfutures.github.io/s/19714/rawline-300.html]
[iamfutures.github.io/s/19714/rawline-300i.html]
[iamfutures.github.io/s/19714/rawline-500.html]
[iamfutures.github.io/s/19714/rawline-500i.html]
[iamfutures.github.io/s/19714/rawline-600.html]
[iamfutures.github.io/s/19714/rawline-600i.html]
[iamfutures.github.io/s/19714/rawline-700.html]
[iamfutures.github.io/s/19714/rawline-700i.html]
[iamfutures.github.io/s/19714/rawline-800.html]
[iamfutures.github.io/s/19714/rawline-800i.html]
[iamfutures.github.io/s/19714/rawline-900.html]
[iamfutures.github.io/s/19714/rawline-900i.html]
[iamfutures.github.io/rawline.css]
[iamfutures.github.io/css2(1).html]
[iamfutures.github.io/webfonts/fa-brands-400.woff]
[iamfutures.github.io/webfonts/fa-brands-400.ttf]
[iamfutures.github.io/webfonts/fa-regular-400.woff]
[iamfutures.github.io/webfonts/fa-regular-400.ttf]
[iamfutures.github.io/webfonts/fa-solid-900.woff]
[iamfutures.github.io/webfonts/fa-solid-900.ttf]
[iamfutures.github.io/all.min.css]
[iamfutures.github.io/error_docs/styles.css]
[iamfutures.github.io/reset.html]
[i.pinimg.com/originals/62/39/4d/62394d753859943e6a1a36443ef78795.gif]
[iamfutures.github.io/s.cdpn.io/1231630/clouds_repeat.png]
[iamfutures.github.io/index.css]
[iamfutures.github.io/'https_/i.hizliresim.com/bbebzi0eb89.html]
[iamfutures.github.io/'https_/i.hizliresim.com/bbebzi07860.html]
[iamfutures.github.io/s/19714/rawline-400.html]
[iamfutures.github.io/s/19714/rawline-400i.html]
[iamfutures.github.io/s/19714/rawline-100.html]
[iamfutures.github.io/s/19714/rawline-100i.html]
[iamfutures.github.io/s/19714/rawline-200.html]
[iamfutures.github.io/s/19714/rawline-200i.html]
[iamfutures.github.io/s/19714/rawline-300.html]
[iamfutures.github.io/s/19714/rawline-300i.html]
[iamfutures.github.io/s/19714/rawline-500.html]
[iamfutures.github.io/s/19714/rawline-500i.html]
[iamfutures.github.io/s/19714/rawline-600.html]
[iamfutures.github.io/s/19714/rawline-600i.html]
[iamfutures.github.io/s/19714/rawline-700.html]
[iamfutures.github.io/s/19714/rawline-700i.html]
[iamfutures.github.io/s/19714/rawline-800.html]
[iamfutures.github.io/s/19714/rawline-800i.html]
[iamfutures.github.io/s/19714/rawline-900.html]
[iamfutures.github.io/s/19714/rawline-900i.html]
[iamfutures.github.io/webfonts/fa-brands-400.html]
[iamfutures.github.io/webfonts/fa-brands-401.html]
[iamfutures.github.io/webfonts/fa-regular-400.html]
[iamfutures.github.io/webfonts/fa-regular-401.html]
[iamfutures.github.io/webfonts/fa-solid-900.html]
[iamfutures.github.io/webfonts/fa-solid-901.html]
[iamfutures.github.io/error_docs/styles.html]
[iamfutures.github.io/s.cdpn.io/1231630/clouds_repeat.html]
